▶ VANAM build 20260612-101441

> site@0.0.1 build
> astro build

10:14:41 [types] Generated 12ms
10:14:41 [build] output: "static"
10:14:41 [build] mode: "static"
10:14:41 [build] directory: /Users/elon/vanam-renewal/site/dist/
10:14:41 [build] Collecting build info...
10:14:41 [build] ✓ Completed in 23ms.
10:14:41 [build] Building static entrypoints...
10:14:42 [vite] ✓ built in 342ms
10:14:42 [vite] ✓ built in 8ms
10:14:42 [build] Rearranging server assets...

 generating static routes 
10:14:42   ├─ /about/index.html (+6ms) 
10:14:42   ├─ /contact/index.html (+1ms) 
10:14:42   ├─ /news/index.html (+2ms) 
10:14:42   ├─ /technology/index.html (+1ms) 
10:14:42   ├─ /index.html (+1ms) 
10:14:42 ✓ Completed in 19ms.

10:14:42 [build] ✓ Completed in 391ms.
10:14:42 [@astrojs/sitemap] `sitemap-index.xml` created at `dist`
10:14:42 [build] 5 page(s) built in 418ms
10:14:42 [build] Complete!
✅ BUILD OK (20260612-101441)
