▶ VANAM build 20260612-101551

> site@0.0.1 build
> astro build

10:15:51 [types] Generated 12ms
10:15:51 [build] output: "static"
10:15:51 [build] mode: "static"
10:15:51 [build] directory: /Users/elon/vanam-renewal/site/dist/
10:15:51 [build] Collecting build info...
10:15:51 [build] ✓ Completed in 24ms.
10:15:51 [build] Building static entrypoints...
10:15:51 [vite] ✓ built in 339ms
10:15:51 [vite] ✓ built in 8ms
10:15:51 [build] Rearranging server assets...

 generating static routes 
10:15:51   ├─ /about/index.html (+6ms) 
10:15:51   ├─ /contact/index.html (+1ms) 
10:15:51   ├─ /news/index.html (+2ms) 
10:15:51   ├─ /technology/index.html (+1ms) 
10:15:51   ├─ /index.html (+1ms) 
10:15:51 ✓ Completed in 19ms.

10:15:51 [build] ✓ Completed in 387ms.
10:15:51 [@astrojs/sitemap] `sitemap-index.xml` created at `dist`
10:15:51 [build] 5 page(s) built in 416ms
10:15:51 [build] Complete!
✅ BUILD OK (20260612-101551)
