▶ VANAM build 20260611-180002

> site@0.0.1 build
> astro build

18:00:03 [types] Generated 13ms
18:00:03 [build] output: "static"
18:00:03 [build] mode: "static"
18:00:03 [build] directory: /Users/elon/vanam-renewal/site/dist/
18:00:03 [build] Collecting build info...
18:00:03 [build] ✓ Completed in 23ms.
18:00:03 [build] Building static entrypoints...
18:00:03 [vite] ✓ built in 315ms
18:00:03 [vite] ✓ built in 6ms
18:00:03 [build] Rearranging server assets...

 generating static routes 
18:00:03   ├─ /contact/index.html (+5ms) 
18:00:03   ├─ /index.html (+1ms) 
18:00:03 ✓ Completed in 15ms.

18:00:03 [build] ✓ Completed in 357ms.
18:00:03 [@astrojs/sitemap] `sitemap-index.xml` created at `dist`
18:00:03 [build] 2 page(s) built in 384ms
18:00:03 [build] Complete!
✅ BUILD OK (20260611-180002)
